A4 GNNRank re-score: 77 datasets; 0 already done
[1/77] Basketball_temporal/1985 complete simple=0.471674352884 rt=1.923056
[2/77] Basketball_temporal/1986 complete simple=0.497088193893 rt=0.228044
[3/77] Basketball_temporal/1987 complete simple=0.536352813244 rt=0.235036
[4/77] Basketball_temporal/1988 complete simple=0.493333339691 rt=0.218471
[5/77] Basketball_temporal/1989 complete simple=0.524043917656 rt=0.246436
[6/77] Basketball_temporal/1990 complete simple=0.503591656685 rt=0.257905
[7/77] Basketball_temporal/1991 complete simple=0.528624534607 rt=0.273479
[8/77] Basketball_temporal/1992 complete simple=0.490188807249 rt=0.276519
[9/77] Basketball_temporal/1993 complete simple=0.487470626831 rt=0.242093
[10/77] Basketball_temporal/1994 complete simple=0.462720990181 rt=0.249222
[11/77] Basketball_temporal/1995 complete simple=0.507558584213 rt=0.255127
[12/77] Basketball_temporal/1996 complete simple=0.54275226593 rt=0.259207
[13/77] Basketball_temporal/1997 complete simple=0.556785702705 rt=0.289946
[14/77] Basketball_temporal/1998 complete simple=0.532223820686 rt=0.259639
[15/77] Basketball_temporal/1999 complete simple=0.571677088737 rt=0.268516
[16/77] Basketball_temporal/2000 complete simple=0.555153131485 rt=0.286876
[17/77] Basketball_temporal/2001 complete simple=0.507671296597 rt=0.279403
[18/77] Basketball_temporal/2002 complete simple=0.559000015259 rt=0.283332
[19/77] Basketball_temporal/2003 complete simple=0.579908668995 rt=0.375028
[20/77] Basketball_temporal/2004 complete simple=0.517480194569 rt=0.282565
[21/77] Basketball_temporal/2005 complete simple=0.53301435709 rt=0.321391
[22/77] Basketball_temporal/2006 complete simple=0.571250796318 rt=0.326771
[23/77] Basketball_temporal/2007 complete simple=0.548815727234 rt=0.355848
[24/77] Basketball_temporal/2008 complete simple=0.587225675583 rt=0.344018
[25/77] Basketball_temporal/2009 complete simple=0.56865465641 rt=0.378700
[26/77] Basketball_temporal/2010 complete simple=0.540125966072 rt=0.349653
[27/77] Basketball_temporal/2011 complete simple=0.556881248951 rt=0.348641
[28/77] Basketball_temporal/2012 complete simple=0.524910569191 rt=0.345932
[29/77] Basketball_temporal/2013 complete simple=0.56169629097 rt=0.363326
[30/77] Basketball_temporal/2014 complete simple=0.555646240711 rt=0.386309
[31/77] Basketball_temporal/finer1985 complete simple=0.76939201355 rt=0.367040
[32/77] Basketball_temporal/finer1986 complete simple=0.670828104019 rt=0.359327
[33/77] Basketball_temporal/finer1987 complete simple=0.80682271719 rt=0.394701
[34/77] Basketball_temporal/finer1988 complete simple=0.768206715584 rt=0.396979
[35/77] Basketball_temporal/finer1989 complete simple=0.787821471691 rt=0.425123
[36/77] Basketball_temporal/finer1990 complete simple=0.745564341545 rt=0.423006
[37/77] Basketball_temporal/finer1991 complete simple=0.757249057293 rt=0.426564
[38/77] Basketball_temporal/finer1992 complete simple=0.693303763866 rt=0.432918
[39/77] Basketball_temporal/finer1993 complete simple=0.692337751389 rt=0.388758
[40/77] Basketball_temporal/finer1994 complete simple=0.749135613441 rt=0.432167
[41/77] Basketball_temporal/finer1995 complete simple=0.757644414902 rt=0.412877
[42/77] Basketball_temporal/finer1996 complete simple=0.821677029133 rt=0.447271
[43/77] Basketball_temporal/finer1997 complete simple=0.815488934517 rt=0.452383
[44/77] Basketball_temporal/finer1998 complete simple=0.786775112152 rt=0.465169
[45/77] Basketball_temporal/finer1999 complete simple=0.822407186031 rt=0.478475
[46/77] Basketball_temporal/finer2000 complete simple=0.811018586159 rt=0.560918
[47/77] Basketball_temporal/finer2001 complete simple=0.808896183968 rt=0.522669
[48/77] Basketball_temporal/finer2002 complete simple=0.794012367725 rt=0.513244
[49/77] Basketball_temporal/finer2003 complete simple=0.851582288742 rt=0.587797
[50/77] Basketball_temporal/finer2004 complete simple=0.827586233616 rt=0.560790
[51/77] Basketball_temporal/finer2005 complete simple=0.84503108263 rt=0.585106
[52/77] Basketball_temporal/finer2006 complete simple=0.835443019867 rt=0.612108
[53/77] Basketball_temporal/finer2007 complete simple=0.804994404316 rt=0.663143
[54/77] Basketball_temporal/finer2008 complete simple=0.832880437374 rt=0.694360
[55/77] Basketball_temporal/finer2009 complete simple=0.851092517376 rt=0.716019
[56/77] Basketball_temporal/finer2010 complete simple=0.802297651768 rt=0.685874
[57/77] Basketball_temporal/finer2011 complete simple=0.847901642323 rt=0.714155
[58/77] Basketball_temporal/finer2012 complete simple=0.802069485188 rt=0.711241
[59/77] Basketball_temporal/finer2013 complete simple=0.871862590313 rt=0.745215
[60/77] Basketball_temporal/finer2014 complete simple=0.860183954239 rt=0.767524
[61/77] Dryad_animal_society complete simple=0.308176100254 rt=0.009931
[62/77] FacultyHiringNetworks/Business/Business_FM_Full_ complete simple=0.306099593639 rt=0.050333
[63/77] FacultyHiringNetworks/ComputerScience/ComputerScience_FM_Full_ complete simple=0.193319112062 rt=0.061745
[64/77] FacultyHiringNetworks/History/History_FM_Full_ complete simple=0.186046510935 rt=0.050262
[65/77] Football_data_England_Premier_League/England_2009_2010 complete simple=0.493902444839 rt=0.008906
[66/77] Football_data_England_Premier_League/England_2010_2011 complete simple=0.968944072723 rt=0.008883
[67/77] Football_data_England_Premier_League/England_2011_2012 complete simple=0.727272748947 rt=0.008520
[68/77] Football_data_England_Premier_League/England_2012_2013 complete simple=0.810457527637 rt=0.009005
[69/77] Football_data_England_Premier_League/England_2013_2014 complete simple=0.484848499298 rt=0.009009
[70/77] Football_data_England_Premier_League/England_2014_2015 complete simple=0.710280358791 rt=0.008053
[71/77] Football_data_England_Premier_League/finerEngland_2009_2010 complete simple=0.536585390568 rt=0.012162
[72/77] Football_data_England_Premier_League/finerEngland_2010_2011 complete simple=1.04968941212 rt=0.013741
[73/77] Football_data_England_Premier_League/finerEngland_2011_2012 complete simple=0.757575750351 rt=0.013499
[74/77] Football_data_England_Premier_League/finerEngland_2012_2013 complete simple=0.810457527637 rt=0.012746
[75/77] Football_data_England_Premier_League/finerEngland_2013_2014 complete simple=0.654545426369 rt=0.012862
[76/77] Football_data_England_Premier_League/finerEngland_2014_2015 complete simple=0.822429895401 rt=0.010934
[77/77] Halo2BetaData complete simple=1.69947314262 rt=0.591754
SUMMARY {'n_target': 77, 'n_complete': 77, 'n_failed': 0, 'elapsed_sec': 27.375884294509888, 'out': '/tmp/ranking-jsuper-manuscript-major-revision/outputs/revision_analysis_20260825/canonical_reachability_baseline_comparison/a4_gnnrank_metrics.csv'}
EXIT=0
